Ap√≥s o uso do gdb, foi notado que o valor de a nunca muda. Logo, foi passado sua atribui√ß√£o/defini√ß√£o
para antes do for. Al√©m disso, com o uso do valgrind, foi certificado nenhum erro de vazamento de mem√≥ria.

Script started on 2023-04-04 19:17:11-03:00 [TERM="xterm-256color" TTY="/dev/pts/3" COLUMNS="160" LINES="19"]
(base) ]0;antonio@antonio-Lenovo-IdeaPad-S145-15IWL: ~/Desktop/Faculdade/SEMESTRES/3/ED/Ativ3[01;32mantonio@antonio-Lenovo-IdeaPad-S145-15IWL[00m:[01;34m~/Desktop/Faculdade/SEMESTRES/3/ED/Ativ3[00m$ exitcleargdb ./a.outcc -g c15/c15correto.c[12Pdb ./a.out
[35;1m[35;1mGNU gdb [m[35;1m(Ubuntu 9.2-0ubuntu1~20.04.1) [m[35;1m9.2[m[35;1m
[m[mCopyright (C) 2020 Free Software Foundation, Inc.
License GPLv3+: GNU GPL version 3 or later <http://gnu.org/licenses/gpl.html>
This is free software: you are free to change and redistribute it.
There is NO WARRANTY, to the extent permitted by law.
Type "show copying" and "show warranty" for details.
This GDB was configured as "x86_64-linux-gnu".
Type "show configuration" for configuration details.
For bug reporting instructions, please see:
<http://www.gnu.org/software/gdb/bugs/>.
Find the GDB manual and other documentation resources online at:
    <http://www.gnu.org/software/gdb/documentation/>.

For help, type "help".
Type "apropos word" to search for commands related to "word"...
Reading symbols from [32m./a.out[m...
(gdb) break inc
Breakpoint 1 at [34m0x1129[m: file [32mc15/c15correto.c[m, line 4.
(gdb) continue[K[K[K[K[K[K[K[Krun
Starting program: /home/antonio/Desktop/Faculdade/SEMESTRES/3/ED/Ativ3/a.out 

Breakpoint 1, [33minc[m ([36ma[m=21845) at [32mc15/c15correto.c[m:4
4	int inc(int a) {
(gdb) continue
Continuing.

Breakpoint 1, [33minc[m ([36ma[m=1) at [32mc15/c15correto.c[m:4
4	int inc(int a) {
(gdb) continue
Continuing.

Breakpoint 1, [33minc[m ([36ma[m=1) at [32mc15/c15correto.c[m:4
4	int inc(int a) {
(gdb) continue
Continuing.

Breakpoint 1, [33minc[m ([36ma[m=1) at [32mc15/c15correto.c[m:4
4	int inc(int a) {
(gdb) continue
Continuing.
[Inferior 1 (process 50748) exited with code 01]
(gdb) c[Kquit
(base) ]0;antonio@antonio-Lenovo-IdeaPad-S145-15IWL: ~/Desktop/Faculdade/SEMESTRES/3/ED/Ativ3[01;32mantonio@antonio-Lenovo-IdeaPad-S145-15IWL[00m:[01;34m~/Desktop/Faculdade/SEMESTRES/3/ED/Ativ3[00m$ gdb ./a.out[7Pexitcleargdb ./a.outcc -g c15/c15correto.c
(base) ]0;antonio@antonio-Lenovo-IdeaPad-S145-15IWL: ~/Desktop/Faculdade/SEMESTRES/3/ED/Ativ3[01;32mantonio@antonio-Lenovo-IdeaPad-S145-15IWL[00m:[01;34m~/Desktop/Faculdade/SEMESTRES/3/ED/Ativ3[00m$ gcc -g c15/c15correto.c[12Pdb ./a.out[7Pexitcleargdb ./a.outcc -g c15/c15correto.cexit[Kvalgrind --leak-check=full ./a.out
==50952== Memcheck, a memory error detector
==50952== Copyright (C) 2002-2017, and GNU GPL'd, by Julian Seward et al.
==50952== Using Valgrind-3.15.0 and LibVEX; rerun with -h for copyright info
==50952== Command: ./a.out
==50952== 
==50952== 
==50952== HEAP SUMMARY:
==50952==     in use at exit: 0 bytes in 0 blocks
==50952==   total heap usage: 0 allocs, 0 frees, 0 bytes allocated
==50952== 
==50952== All heap blocks were freed -- no leaks are possible
==50952== 
==50952== For lists of detected and suppressed errors, rerun with: -s
==50952== ERROR SUMMARY: 0 errors from 0 contexts (suppressed: 0 from 0)
(base) ]0;antonio@antonio-Lenovo-IdeaPad-S145-15IWL: ~/Desktop/Faculdade/SEMESTRES/3/ED/Ativ3[01;32mantonio@antonio-Lenovo-IdeaPad-S145-15IWL[00m:[01;34m~/Desktop/Faculdade/SEMESTRES/3/ED/Ativ3[00m$ exit
exit

Script done on 2023-04-04 19:18:38-03:00 [COMMAND_EXIT_CODE="1"]
